../Src/OSMCAL_program.c:38:30:Stack_voidSchedulerStackInit	0	static,ignoring_inline_asm
../Src/OSMCAL_program.c:47:6:STK_voidInit	24	static
../Src/OSMCAL_program.c:67:30:PendSV_Handler	0	static,ignoring_inline_asm
../Src/OSMCAL_program.c:100:6:UnblockTasks	16	static
../Src/OSMCAL_program.c:116:6:SysTick_Handler	8	static
../Src/OSMCAL_program.c:128:6:InitTaskStack	16	static
../Src/OSMCAL_program.c:173:10:GetCurrentPSPValue	4	static
../Src/OSMCAL_program.c:178:6:SavePSPValue	16	static
../Src/OSMCAL_program.c:183:6:UpdateNextTask	16	static
../Src/OSMCAL_program.c:202:30:ChangeToPSP	0	static,ignoring_inline_asm
../Src/OSMCAL_program.c:221:6:EnableSystemFaults	4	static
../Src/OSMCAL_program.c:228:6:TaskDelay	16	static,ignoring_inline_asm
../Src/OSMCAL_program.c:247:6:IdleTaskHandler	4	static
