../Src/RCC_Program.c:16:9:RCC_Set_CLK_Status	32	static
../Src/RCC_Program.c:99:6:RCC_Set_SysClk	16	static
../Src/RCC_Program.c:104:9:RCC_ClkCfg	24	static
../Src/RCC_Program.c:135:6:RCC_AHB1ResetClk	16	static
../Src/RCC_Program.c:146:6:RCC_AHB2ResetClk	16	static
../Src/RCC_Program.c:150:6:RCC_AHB3ResetClk	16	static
../Src/RCC_Program.c:154:6:RCC_APB1ResetClk	16	static
../Src/RCC_Program.c:158:6:RCC_APB2ResetClk	16	static
../Src/RCC_Program.c:163:6:RCC_AHB1EnableClk	16	static
../Src/RCC_Program.c:167:6:RCC_AHBD1isableClk	16	static
../Src/RCC_Program.c:171:6:RCC_AHB2EnableClk	16	static
../Src/RCC_Program.c:175:6:RCC_AHB2DisableClk	16	static
../Src/RCC_Program.c:179:6:RCC_AHB3EnableClk	16	static
../Src/RCC_Program.c:183:6:RCC_AHB3DisableClk	16	static
../Src/RCC_Program.c:187:6:RCC_APB1Enable	16	static
../Src/RCC_Program.c:191:6:RCC_APB1Disable	16	static
../Src/RCC_Program.c:195:6:RCC_APB2Enable	16	static
../Src/RCC_Program.c:199:6:RCC_APB2Disable	16	static
../Src/RCC_Program.c:203:6:RCC_voidAHB1EnablePerapheralClock_LowPower	16	static
